// Jest Snapshot v1, https://goo.gl/fbAQLP

exports[`HostWizard rendering renders LoginPage 1`] = `
<PageLayout
  beforeToolbarComponent={null}
  breadcrumbOptions={null}
  customBreadcrumbs={null}
  header="Host Wizard"
  isLoading={false}
  onBookmarkClick={[Function]}
  onSearch={[Function]}
  searchProps={Object {}}
  searchQuery=""
  searchable={false}
  toastNotifications={null}
  toolbarButtons={null}
>
  <Button
    active={false}
    block={false}
    bsClass="btn"
    bsSize="large"
    bsStyle="primary"
    disabled={false}
    onClick={[Function]}
  >
    Launch loading wizard
  </Button>
  <Wizard
    className=""
    dialogClassName=""
    onClose={[Function]}
    onExited={[Function]}
    onHide={[Function]}
    show={false}
  >
    <WizardHeader
      onClose={[Function]}
      title="Wizard Title"
    />
    <WizardBody
      className=""
    >
      <WizardRow
        className=""
      >
        <WizardMain
          className=""
        >
          <div
            className="blank-slate-pf"
          >
            <div
              className="spinner spinner-lg blank-slate-pf-icon"
              style={
                Object {
                  "float": "none",
                }
              }
            />
            <h3
              className="blank-slate-pf-main-action"
            >
              This will be one of our coolest pages.
            </h3>
          </div>
        </WizardMain>
      </WizardRow>
    </WizardBody>
    <WizardFooter
      className=""
    >
      <Button
        active={false}
        block={false}
        bsClass="btn"
        bsStyle="default"
        className="btn-cancel"
        disabled={false}
        onClick={[Function]}
      >
        Cancel
      </Button>
      <Button
        active={false}
        block={false}
        bsClass="btn"
        bsStyle="default"
        disabled={true}
      >
        <Icon
          name="angle-left"
          type="fa"
        />
        Back
      </Button>
      <Button
        active={false}
        block={false}
        bsClass="btn"
        bsStyle="primary"
        disabled={true}
      >
        Next
        <Icon
          name="angle-right"
          type="fa"
        />
      </Button>
    </WizardFooter>
  </Wizard>
</PageLayout>
`;
