// Jest Snapshot v1, https://goo.gl/fbAQLP

exports[`EditorOptions EditorOptions renders EditorOptions 1`] = `
<div
  id="editor-dropdowns"
>
  <h4
    id="divider"
  >
    |
  </h4>
  <OverlayTrigger
    defaultOverlayShown={false}
    delayShow={500}
    overlay={
      <Tooltip
        bsClass="tooltip"
        id="mask-tooltip"
        placement="right"
      >
        Hide Content
      </Tooltip>
    }
    placement="top"
    trigger={
      Array [
        "hover",
      ]
    }
  >
    <Button
      active={false}
      block={false}
      bsClass="btn"
      bsStyle="link"
      className="editor-button"
      disabled={false}
      id="hide-btn"
      onClick={[Function]}
    >
      <Icon
        name="eye-slash"
        size="lg"
        type="fa"
      />
    </Button>
  </OverlayTrigger>
  <OverlayTrigger
    defaultOverlayShown={false}
    delayShow={500}
    overlay={
      <Tooltip
        bsClass="tooltip"
        id="revert-tooltip"
        placement="right"
      >
        Revert Local Changes
      </Tooltip>
    }
    placement="top"
    trigger={
      Array [
        "hover",
      ]
    }
  >
    <Button
      active={false}
      block={false}
      bsClass="btn"
      bsStyle="link"
      className="editor-button"
      disabled={false}
      id="undo-btn"
      onClick={[Function]}
    >
      <Icon
        name="restart"
        size="2x"
        type="pf"
      />
    </Button>
  </OverlayTrigger>
  <OverlayTrigger
    defaultOverlayShown={false}
    delayShow={500}
    overlay={
      <Tooltip
        bsClass="tooltip"
        id="import-tooltip"
        placement="right"
      >
        Import File
      </Tooltip>
    }
    placement="top"
    trigger={
      Array [
        "hover",
      ]
    }
  >
    <Button
      active={false}
      block={false}
      bsClass="btn"
      bsStyle="link"
      className="import-button"
      disabled={false}
      id="import-btn"
      onClick={[Function]}
    >
      <Icon
        name="folder-open"
        size="lg"
        type="pf"
      />
      <FormControl
        bsClass="form-control"
        className="hidden"
        componentClass="input"
        inputRef={[Function]}
        onChange={[Function]}
        type="file"
      />
    </Button>
  </OverlayTrigger>
  <EditorSettings
    changeSetting={[Function]}
    keyBinding="Default"
    keyBindings={
      Array [
        "Default",
        "Emacs",
        "Vim",
      ]
    }
    mode="Ruby"
    modes={
      Array [
        "Text",
        "Json",
        "Ruby",
        "Html_ruby",
        "Sh",
        "Xml",
        "Yaml",
      ]
    }
    selectedView="input"
    theme="Monokai"
    themes={
      Array [
        "Github",
        "Monokai",
      ]
    }
  />
  <OverlayTrigger
    defaultOverlayShown={false}
    delayShow={500}
    overlay={
      <Tooltip
        bsClass="tooltip"
        id="fullscreen-tooltip"
        placement="right"
      >
        Maximize
      </Tooltip>
    }
    placement="top"
    trigger={
      Array [
        "hover",
      ]
    }
  >
    <Button
      active={false}
      block={false}
      bsClass="btn"
      bsStyle="link"
      className="editor-button"
      disabled={false}
      id="fullscreen-btn"
      onClick={[Function]}
    >
      <Icon
        name="arrows-alt"
        size="lg"
        type="fa"
      />
    </Button>
  </OverlayTrigger>
</div>
`;
