// Jest Snapshot v1, https://goo.gl/fbAQLP

exports[`SettingsTableReducer should set setting to update 1`] = `
Object {
  "toEdit": Object {
    "category": "Setting::Email",
    "id": 5,
    "name": "email_reply_address",
  },
}
`;
