// Jest Snapshot v1, https://goo.gl/fbAQLP

exports[`StatisticsPage actions should fetch statisticsMeta 1`] = `
Array [
  Array [
    Object {
      "type": "STATISTICS_PAGE_HIDE_LOADING",
    },
  ],
  Array [
    Object {
      "payload": Object {
        "discussionUrl": "/links/forums?post=t/trends-and-statistics-plugin/18745/4",
        "hasData": true,
        "metadata": Array [
          Object {
            "id": "operatingsystem",
            "search": "/hosts?search=os_title=~VAL~",
            "title": "OS Distribution",
            "url": "statistics/operatingsystem",
          },
          Object {
            "id": "architecture",
            "search": "/hosts?search=facts.architecture=~VAL~",
            "title": "Architecture Distribution",
            "url": "statistics/architecture",
          },
        ],
      },
      "type": "STATISTICS_PAGE_DATA_RESOLVED",
    },
  ],
]
`;

exports[`StatisticsPage actions should fetch statisticsMeta and fail 1`] = `
Array [
  Array [
    Object {
      "type": "STATISTICS_PAGE_HIDE_LOADING",
    },
  ],
  Array [
    Object {
      "payload": Object {
        "message": Object {
          "text": "some-error",
          "type": "error",
        },
      },
      "type": "STATISTICS_PAGE_FETCH_FAILED",
    },
  ],
]
`;
