// Jest Snapshot v1, https://goo.gl/fbAQLP

exports[`documentation links should have an external link to documentation 1`] = `
<DropdownItem
  key="documentationUrl"
  onClick={[Function]}
  ouiaId="doc-url-dropdown"
>
  <QuestionCircleIcon />
   
  Documentation
</DropdownItem>
`;
